export const snapshot = {};

snapshot[`should archive a markdown file with all images 1`] = `
'# Testing

![Google Logo 1998](data:image/jpeg;base64,/9j/4AAQSkZJRgABAQAAAQABAAD/2wBDAAgGBgcGBQgHBwcJCQgKDBQNDAsLDBkSEw8UHRofHh0aHBwgJC4nICIsIxwcKDcpLDAxNDQ0Hyc5PTgyPC4zNDL/2wBDAQkJCQwLDBgNDRgyIRwhMjIyMjIyMjIyMjIyMjIyMjIyMjIyMjIyMjIyMjIyMjIyMjIyMjIyMjIyMjIyMjIyMjL/wAARCABxAV8DASIAAhEBAxEB/8QAHAABAAIDAQEBAAAAAAAAAAAAAAYHAwQFAQII/8QARhAAAQQBAQUFBAYHBQcFAAAAAQACAwQFEQYSITFBBxNRYXEUIoGRIzI0obHRFkJSYoKywRUmY3KSFyQzNVOi4UNFc/Dx/8QAGwEBAAIDAQEAAAAAAAAAAAAAAAQFAgMGAQf/xAAwEQACAgIBBAEBBgUFAAAAAAAAAQIDBBEFEhMhMUFRFCIyM2FxBoGhscEjNFLR4f/aAAwDAQACEQMRAD8Av5ERAETpzXFyG1GGxjiyxdj3xzYz3j9yyhXOb1BbZjKUYrcno7SKGS9pWGYdGR2XjxDAPxK9g7ScHKQH+0Ra9XR6/gpDwclLfQzV9oq/5ImPMJwAXNx2exeU4VLsUrv2AdHfI8V7kc7jMUWC9cjgLxq0P14haO1Pq6el7+ht6463vwdNFgrWYbdeOeCQSRSDeY4ciFnWDWjIIiIAhRCgPEREAREQBERAEREAREQBERAEREB4i8c4MaSeAHErku2kxYbvC0xw/d1K1WW11/jkl+7MJ2Qh+J6OsPRfSjVjbLHxA93HNLp4N0/Fe7P7UtztmzE2v3QgAOpfqTr8FqhmUWT6ISTf6GuORVKXTGW2SRF4HAr1SjeEREAREQBEWGzahp1pLFiRscUY3nOceACJNvSHoyooa7tJwLLG451gR66d7ucPzUsr2YbUDJ4JGyRSNDmvadQQtttFlWuuLWzCFkJ/hezOiItRmeahamQyFbGUpLVqQRxRjUk/gPNbZA0VP7fZ92TzbqMTyKtQ7pAPB7+p+HJS8LFeTaofHyaMi5VQ6vkx7Rba3cu57IZH1KXLcY7Rzx+8f6KGQPvZnIChiYS+V3Eu6NHiT0CwZSyRGWtKsXYvEtw2EY4t/wB6tASSu6+Q+Cvcy6GFX26VorqK5ZE+qb2alDs0g3GuyuUnllPFzIDutHxK3X9m2G3foLV6N3iZA7+illaB0pBK6kVHhxVA8y9vfUyzVFaWtFPZjZjKbPN9rikNyqziZGjR8fmfzXHy+dsZOqx8875nsZuNLzqQPXqr6lx7XxuY5oc1w0II4EKgdssWNns7apNGkLvpIvJp6fDiFb4Oe7dxt8tLwyFkY/R5h6Ls2TuD9FsY3XiK7VJYpN8KAbKSO/R/HeHctU3pklgVFb+N/uWEfwo3UReagdVgZHqFebzf2h801B6oAiIgCIiAImoTUeK82gERF6AiIgCImoQBERAY5W77CzXTeBGqrLObISYHGvv18hLJ3bm7zHtA4EgcNPMq0FG9t2/3UuHzj/naoOfRXZTKU1tpPRGyqoTrbkvSZW8luV9fiei6HZ/bMN7I6nmG/wBVyXfZh6LPsaSL13+Fc9xCSyFoqcBLuotupY7zqugOS4eMOoC7jfqrry/PURebw8QgPUTUHqiA86qJdpIf+hVpzCfdkjLgOo3gpauDtpB7Tsfk49NSIC4eo4/0W7Hl03Qf6o12rcGv0KCs2Nait7s+tvj2Ox7HuJ1DiNeg3iqXtO0qK39mYzXwmPi5aQMJ9SNT+Ku+ZnuMUQMGOm2WDBLvtWZaFEksC31zxZmpkbIp4y1Z/wCnE5/yC/O/fOl7yV51fI4uJ8yr62raXbJ5VrRqTVk0H8JX5+jdrEui4JJKb+Sr5BvcUawi9ry1OseUszGH4kK6Kke84ADgOACp/G8NpscT/wBdv4q6ca3V4UTmG+6kb8FfcZ36NcBg4LohgA5LFXbpGFFcp2gUMXk7FF9SzJJC7dcWbuh4a9T5qtqpstfTWtslTsjWtyeiYEArhZrZnE5eQTXsfBYkaN0Oe3UgLgntSxo/9vuf9v5r4d2o4xw/5fc/7fzUmOBlxe1Bmp5NL9yOxBjY6jWQwRiOJg3WtbyAXcqM3WhQN/ahiWcXUbY/0/mpZZzkNXZt+X3SI+475rTzOo1A+ZAUa+i2ldVq0bqpxtkoV+WaG1O2dTZ1ndNAnuOGrYgeQ8XHoqozW3mauOc6e8+GM8o4DuD7uJ+JXJu35r1qW3ZeXyyOLiSsWzFRmU2xqxztD4oiZXNPI7v/AJXPPIsybOlPUTvYcdj8bjd2cVKevb/wdeDE7VXqwuso2zG4bzS+XRzh4gE6r4p7U57GylsGQsxvjOjoZjvAHwLXK2mTvldwVc9omPFXM1LrG7psxkP06lunH5EfJbcjF7MO5CT2iHx3K/bbuxfCLT9eCZbKdpMGWmjo5NrK1t53WOB9yQ+HHkfJT9sgd1X5bs66b7SQ4cQR0V17CbSvzOBhfM4meI91IT1I6/Jb8LKdq6ZeyFznFQxZdyrxF/H0Jy97WNLnEADmSudNkHEEsIYwfrHmsF20ZZ2Qg+60bzvMqN7S33x03RxnQLm+Z5e6WQ8XHlpL2172U9VK11SNqXaL2i06tShluSN+to7QD1K+25OSN7W2oJapdwDw/Ua+oXL2cAqYiPdH0kx7x56nXl9y68sDrdV7HDXUcPVSY8CpY/c65det72O9qWteDbGVtUyDIe/hPI9V2Kl+G5GJIngtPzCidQukpFj+IC06N52Oy4jJPdynQjz6KJw3L3RtVF0upPxt+0Z3UrXVEsIEFQzarbmPETOpUGNmtt+u5x92M+B8T5Luz5AxY2xO3i6OJzh6gKhXW3zGWZ7i6SRxc4+ZX0visOF83Kz0vgpc2+VcUoe2dPI7WZi5YbFLeszyyO3WwQndBJ5ANavLdTP4uu23dq2q8R/9Rsupbr46HgsewTGP2tksSDedDC4s16EkDX5E/NWbdZ7dj7MLwCx8bgQeXJTMjO7F3ahFKP7GmrH7kOuTeyC4rbXO417HNuut1+sc53uHkeYWTO7VZXN157YM0ePg0D2Qn3W6/tHqoiwGONzdeA4LrbDXCNoLFGQCStZgcJI3DVp05a/f81MyYU0x78YLqI9TnY+25PR2uzbam9LtEcb38s1J8bnFrzqIyORHgrE2ymEmyVz1j/nauXi8XQxrnmhSirl/1ixvE/FZtp979Fbev7n87VyPJ2q2E5pa8P8AsWLrddEot/DIC77MPRZtj/t13+FYXfZh6LNsf9uu/wAK5LiPz0VeB+aiz8XyC2M1naeBoGzbkDRyYwfWcfABa2MOjdVUO2Gdkze0Fh4eTXhcY4m9ABzPxPFdJl5HZr2vb9HZ8Rx326/pl4ivL/6Ojm+0rL3d8VpG0a/TcALiPNx/pouHTm2qzjHWqUWQsxAkd73xAPjoSePwUftMdYkZFroHOAKuyjbqU6UFSCaFscLAwAPGnAKvx4PI3K2TOi5GyHGqMMapef03/wClbVtqdosRbMYu24Zojo6Cwd4emjv6KzNkNvodoCadxjYLzRruj6sg6kfkoT2hQwS2qVuJ7HSFpa8tcDwHLVQoXZKN2G5XfuywvDmkHwXkbpY93QnuJlZhU8hhK5wUZ/VeD9QteHDmtfJwixjLURGu/E5v3FcnC5Zt+jXstPuzRtePiNV3tQ9mh4gq7i/TRw0462mfl2zG90bYB9cv3NPPXRXfThEZYxo4NAAVVOxNobfsxhgfrHd33e7w3Q7XX00VwQR/TK15S1WOGvoQsSDins71JujAt1a1VujAtlVRNNe7XFujPXdyljcw/EaL82vifUtz1JQRJE8sIPiCv0yVTnafs3LUv/27UjJgl0FgNH1XftehVrxOSqrHGXpkPMqc49S+CBF5rXq9kc4pGv8AkdVeGJe2QMe06tcAQfEKjt5tiLQHirG2EzzJq7KFh4bYhGjN4/Xb5eYUvlqHJK2PwaMKxJuDLWgP0YUVzOwOEytyxemFllmc6ufHMRodNOA5dFJakgcwLYe3eCoq7J1vcHosZQjJaktn52yNWbDZq1jnSmVsL9GudzI5haFy2+OIlugUh2yYDtnkXNILQ8DUeO6FFb5HdFdpVObx4yb8tFDOMe60vqTPZzYrH5HFQXcpPZklmG+I43hrWjoOWqk+2kns2wr6sGoiZ3cYBOvug8PwCxbMAuwdEf4TV3s1hnZbZm7TYPpZIiY/8w4j7wuLzrLLlOMnv2dLxzhRdCevCaKOcdY10dhOG1Dz/guXIa4tc6GQFkjSWuaRoQQupslKKu1UJcdGygs+J5Lm8X7lqTPoPLru4cnH6F042IOI1US7WYwyDE6D9eT8GqZYvmFCe1i02S9jKjXe9FG+R4/zEAfylW2a0qJHIcFByzq9fr/ZlbWDpGfRTHstne2LIN1O53jSPXQ/+FBMhYa1paDxVj9n+NfQwbZJWlsll3eEHnpyCr+Pg+rZ0P8AEd8e04fLJtHY3rkup4rhbRguh+K3br3U7bJTr3cg5+YWLJMFupvMOq4/MplRnScvq/6nMwalWtH3iRvVYB4MCltSAdyeHRRTDH6CIHmBoVMIXiOo955BpK+g1zi8ZT+Nf4IDX3tEdrDSKT1UZzUu5fi3T728NPmpLK9tSiXyHQnioW2Q5TOs3eMcbt5x9F8846mV2TuP1J9kkok9qObYgfBJxZI0tPoVTOcw9zZ3LPqWGHunEmGTo9quHGg7wUd2u2np2HS4qKpFZ7s6PklGoa793z819g4qdys6a1tP2UWYodG5PRA9nrzcVm2WJCe5kaWP06A9fmrEv7Q0K2GndFYZJLJGWsa068xpqq8xuDjzFuVj77a259Vp5u9FIIOzuCcaS5awW+DGhTsyOOruqze1/Uj0O116h6ZB7uQjiaY2HU9VLNgMJYhMmVtMLHTN3ImuHHd11J+OgUoxuweCxTmytrmzOOIfOd7Q+IHJd6Oq57+ShZvIO5dMfRvx8bt+WbmOh3tNV5thEGbI3D/8f87V1KFbcaOC0ttB/dS23qTGB5++1UeX/t5/s/7G+/8AKl+zKud9mHos2x/267/CscjC2AA89Fm2Rbu3rmvUBcxxD/10U2D+aix67i2jO5v1hG4j10VB75c+QnmXHVfoHHAOj0PEHmqHz9CTC7R3aMgIDZC6Mn9Zh4g/Iq65KDcYs+kfwvfGFk4P29HMmc50scbSA57g0E8hqpLDsRnDwbPU+JP5KMzjR7JBx3XB3yVz4edl6pDYjcHNkaDqFrwqa7ItSXkmc5mZOLOMq3pMgknZ1tDK37ZTA8ifyWjL2aZ0H3rdU/xH8ldcVUlmp5KFZjbijjco+uIe/gj910jHfrddPFSp0Y9SXV4KejN5DLbUPOls62ylWxjMPTp2HtdLCzdJby58PuU3rOJYFwsUGXacFuON7GTMD2tkGjgD4haW2W0kmz1CGGrp7XZJDXH9Ro5n1VlRTK2Ua6/kob7OhynP+ZJbFaN7zJ3be8003tOOnqtWKrpJroqal2nzleUWW5W0X667rpCW/wCk8FaOxu07No8O2w9rWWY3d3M0ctfEeqmZfH24yUpvaI1GVG16S0SmJu61ZF8McCOC+1AJIWvcrR2YHxSsa+N40c1w1BC2EPFAUltP2a2ac8lvBu34idTWeeLf8p6jyUIfPZx84bcrzV5WngS0tOq/Tc9cSA8FxLuIimBEkTHg9HN1VlRyVla1LyiLZiQl5XgqjGdpGTpRtYLkcrRy75mp+fNbdztVyMsJjFmKPUaEwx8fmVMn7K4gv3n4ii4+JrtP9Ft1sTSqaez4+tER1ZC0fgFm8+je+0tmH2az11vRSss2UyUjnVcfalLzqX92TqfVfLtmdpLA0OPkZr+2QFe5jeW6AaDwAWI0HPOpC8s5W2fwexw4ROLs1Vlq4unBM3dkZGGuHgVOKbfowuXWx5Y4HRdyvHuNAVY3t7JaWlorLb3s8dkZ35XDhrLZ4ywngJPMeB/FVPP7XjLYjvV5a0zDqC5pB18l+p5Yg9mi4eRxEFppbNBHI3we0FQrsSFj6l4Zc4fM20R6JLqiVPR7TLlSuGltZ7wNN9wI+YBUXymdt5vISStbJatyn9RpPwAHRXA7Y7CCUPOGpEj/AAG6fLRdGrjq1Jm5UpwQDwijDfwWt4c56U5bSJMOZop3KipRk/kqrZzYC1LOy/nG7jGneZWPNx/e8B5KzKlfVwAGgHIBbwqOkdxC6NSjuaEhTK6o1rUSmycmzIn1WMwzYqK9RdBM3gRwI5g+IUMuV8lg5C2SMz1+j2jXh5jorOZEA3RalqoJGngoedxtOWvve/qa4WOHogONzGPLtXTd0eoIXYtbVYyvVLfaBJw+q3qs1vA1ZHl0lSF58SwFYocNSgILKMAcOR7sa/NVb4XI6e0rn0fQ2d6LfVryRO1Yym0c2leF0df9t3BoC6uNxMePiEUfvPPF7yOLipE6F7xoBoPBZK+PJdqQrPB4ynEX3fZrnY5+z3G1yNDoqUzLLOKztyraY5kgkcePUE8CPJXxbtVcNjpblp25FENSepPQDzVW7U7YUcxETZw0MjG8I3veRIB6jkuo4p2wlKcI7j8lbm9tpRk/JDWzwuOrjxW5Fbcz/hWpGejyF2n9ncFunBbrW565mjbJ3UgDt3Ua6a8FzpuzzLRamC7DJ4BwLVZrlaH4kRXiWLyjNX2gy9Ugw33uA/Vf7w+9S7Zvb6Gxbjp5WFkMjyGsmZ9UnwI6Ku7OCzmJb3lmuXQjnJGd4D18Fo3JdIg/XQ+K9spxsmtyil+6EZ3VS02fp2MtDPdVR5XaPN3Iu6sUrcjQdd1tcga/AKabLZSS1gMfLM4mR8DC4nx0W6c8yXIOxwpWhYDd/Q7mhHjrvLi8zE733HJpLfr5LC2rvJedIpmW7k3OJdj7I9YXfkvamSv1Zu9iqWWPPA6RHj9ytZ9yOzffSeySGy0b3dyAcR4ggkL6/s52uuihR4quD3GWmaVgxj5TMOx9+zdxTJrbXNlLnAhzd06A8OCxbcbGQ7T1GzQvEOQhb9HIeTh+y5ZZMiMXNFHPTs/SO3I3N3CHH/V+K68uWfTrGWzjLrIh9Z47twaPE6P5Ky7ScOiXksceydElKD8o/O2RpZLBzmDJU5ItDoHEe6fQ8lvYbayxiBpVs7jDx7t43mq/72OjtRaPja9juYcNQoba2bwj77q4wME0jQHucyGMNGuumpOnHgobwdPcJaOhjz/XDovgpIgd7tByuSi9lZYe4P8Ad7quzQu8uHFdjZTYO3ctxZPPM7mvGQ6OoeLnnxd4Dy6qVUDQoZA0qeJEM4bvFsUUbeHwK68Vt0t32WSCeKQt3gXgaEeRBK2V4iUuub6n+pFyOYk4OuiChF/Q68MwJAaAAOAAUL7UsNcuUauTpxulNbVsrGjU7p47wHl19VN61UjQkLYv2Isfj5bM/COJup8/JWNF0qbFOPwUVkFZFxZ+XZsk+QCNrS554ADnqrW7O6NnEYdxstLJbL+8LDzaNNBqpVFQxeQiZkalKu0yDg4RAPHkTovuGi4SclLy8+WRHp0aacZVvZ3qUpe0arfWjThLGhbyrySEREB7osbow7osiIDVdVaei+PY2+C3UQGoKjR0WQV2jos6IDGIgOi+wNF6iAL4dGHL7RAarqrT0Xx7G3wW6iA1mVmt6LM1gavpEAXhAK9RAYXwNd0WI02k8ltogNVtRo6LKyFreiyogIl2h0LF7ZGwKrS6SF7ZSwc3Ac/uOvwVDzWBbjDCdCOi/Ujhq0gqu9puzbEZSd9quH0rDuLnQ/VcfEt5fLRWmDnqiLrn6ZDyMbuS6l7GIz1HLVYnNlZHLugPicdC09R6LvMrwlmpkYB4lwVYO7PcvWk+gyEEjQeG+0grPHsZtNJq026rG+JcTqvHj4knuNml+x6rbktOG/5km2oyuNpY2xA2aOaeRjmBjTqBqNNSqkqUJ9oMrHRptJYDrI/Tg1vUlWHW7MTM4Oy2XfI0c467d0H4n8lK6OFx+IqitjqrIY+unEu8yTxKzeVTj1Ounbb9tmPZnbPqn4/Q+cXCKscUEY0ZG0NHoF9Rd7+ng7pjHu9kHB7y0c/EAro06h3wdFrw0sqzagZUY7WHue63e+bvevNVJNPhscQ2ubNlta9l0W5WY06xuAP7XU8eRAUp9mb4BR65hr2bztW3aibUrVRwbvhz3n4cApQgIhtjH3cmILG7zvahoNdNV14JrtjLSVLlJkdR1cnTeEgedQDrw8CeC0dpKWSyVin7JR1ZVm7zefK0b/oNV0pruU7h3cYk97p7u/OzdB89CgOk5gPALXdTi3nODAHO5kDiV8YmGzBjIGXHF1nd1kJdrxW4ToCdNfIICERQD/aNLHpw9n1+4KXNpxB4eWNLm8iRxCj0ePybdsH5c0D3Do+7De9Zvchx56fepWOI5aeSA+WsDVxcrdoSZOGjctV4oWNMsrZpA0P6Nbx58yf4QuvPJJFC50ULpn9GBwGvxK0MLFbjjmdermKxK/fc4PDgfIaHogI3s1ar085dw7LMc1d7u9rvY8OGvUaj/wC8FMRWaDyUe2oxV+/bpWcbXPtFdxPel7Wgg9Oev/6pBTlsSwNNquYJdBvDeDgT100QGdrQ0L1EQBERAeoiIAiIgCIiAIiIAiIgCFEKA8REQBERAEREAREQBYpYg8LKiA5ctAE66LD7ERyC7OgKbo8EBxxUcsrKXHiF0tweC90AQGCKuGdFsAaIiAIiIAiIgCIiAIiIAiIgCIiAIiIAiIgPUREAREQBERAEREAREQBCiIDxERAEREAREQBERAEREAREQBERAEREAREQBERAEREAREQBERAEREAREQH/2Q==)

<img src="data:image/gif;base64,R0lGODlhFAFuAPcAAPf39//7/+fn59bT1u/r787Lzq0UAN7b3hhFrRhJtRA0hBA8lMYYALWytffz94wQAMa+vb26vRhNxufj5+/v78bDxvfz772+vcbHxghRCM7PzggkYyFZ1tYkCNbX1hhRzpyenO+6AN7f3gBlANauAGOW7zFl1kp95wg8pbW2tZyanHOi797f5zlx3msMAAB9CP/PAL22va2mraWipedJMSlRtf91Y72WAFqK76WmpRBFta2qrcaeAK2urfdpUuc8If39/e9ZQmPTY94wGFrLWrUkEISq9/n5+ZR5ABCWGLWOAIRpAGNRAClJlK2GAL0sGGssITG2OaWCAK3H9848KaW+762qpcbX/73jvWN5pGvTc/eGc//vCFppfIwgEJRBMYSGlPeWhJSSjHN5jMaSjKWmrb3P787V1ilBa4R9c9nXy+rq6ntNQu/y95Su3svO1kphlISa1t7b1vf7/3uGraWGexdAmoySlDm6QrWyraWqrRiiIWtpa0LDStrl/1JtrcbHzpxlWntlUklVcztZk3vbhISStfffWufr786upVmB1ta2taW21tLS0ve6rd7j5zlhtfemnJSetefn78LCw7W2vdnZ2bVFMf/3//f3/8Z1a9bb59bb3eHh4a2WjM7HxoR1OSGqKbW6xvT09JyGQrXD3v/r5+fk3s7rzufb3q2ytffXKbWiY6inp1p1WrWmjP/LxnOOzsC/v+/n56qSMffXzr2eEP/3hPHx8f//987T57m4ubVZShk5f97LjO/HKQ03ks7DpdZlWv/vMd7LxqWuvefr/86uKd66QgwyhcnJyf/ztbKxsrWqpe/37//z7///75zTpf/397Szsvfn1ozLjO/jlN7v3qWko62OEO/r5//73tbX3vf37wotd1qqYxlNvYyujN7X1qKgoHuWe5KUmkKOQhZKvildMRh5IZqZmcXEwZ2amaajoNfU0QMaTAsiV5STlSo+bZibpSti2puZl5u28pGs5pqbn9Hd8/fr94WFi7i1sBguYfP09v///ywAAAAAFAFuAAAI/wD/CRxIsKDBgwgTKlzIsKHDhxAjSpxIsaLFixgzatzIsaPHjyBDihxJsqTJkyhTqlzJsqXLlzBjypxJs6bNmzhz6tzJs6fPn0CDCh1KtKjRo0iDYinEtJAWLUSIfJv6DVFShnOMXTEzpYrXKlPMXDGW6apZhli0CHmqtk+oJC9ejDDH6azBTGaMKDLBQUKCvzoC/5XAwcSJElV0UbB71lk0PFH6CGmqxS3cuZgyAwhw1tiUEiY+CEZBunTpwR9SfyisiNGmzYyNYqlWLZrtak6JRLmcoQKBCQQswEZ6ZcUJDn0RoFiwoAkhOH/+wCHURDkKHRIII0e+uoWbSbGRYv/SFy0qnj1yM6ArUEDDAQEOOBu9UqIF3xrMCWWRBGiAnP8eqKEBBpVIkgUhyg22nWocxKJLeEMBYIEAqVSDBx5vjTCCeinEgIEH8Mk3lB/G2YffAlmIcoAIcgxYAQQwXiAjjC+WkUV1qHH3QXaKbAIhUAAQwMIBWkCG3obq9dBABQcER1QmVeBwQgv4KZAFICIMgEGMEXTp5ZcNhJmCjQlmp5pfKCBgyHA/6hQkC6lUdl56Gbgiw5IiUCAiUCRKaQICChBSSYsydhiDly9ioOiiMKYQZgMqEJLmYH4pp4ACTRzQ5k4AOEABAYUQ4RaddqYwAHxDmVGClJAssMEYA8b/IGaHELQ3QIAriiDCAQcM4OIFYVqRRZkJILCAAhtsAMcEbG5q02YOFCLEqEiWCuKePn1WXw3IgqFBBEoqeQEG7uka3KfCWYCuABP0qgEEjt5RQ2DGIrvBIAOw4KSzOWEiLbUZZJAGnnoGVUUJ2yJ7BwYN3NlABBX4J0BwAAzH2cWcefqbBwXAq0INy9k7SB7jNmkBvzj5O20odA4MwQHCAaXtCdy+eoEMOVjRQK3vFYzxQp0KyfHNTYgMwgw7XHAqbAFgi7JLAPzLMpIu5/nzTjPX3EUEOSC98wDANftQ0FlGUPS9KqSd9KkOPG2TygBnAEYDGLAQn09+IIyDCa6i/9HDDEenUECTd1sUdBbIdgFC2jPQbbLbNUW7Mp13OF74TpmssOqfyd7RdQ6C9+w0RaXUQAgdeQDeOJOoQk6TBW0dGXDlBTDrkxEI04zsIDIEXve+Gm2yySkDRLCDzqxf7npMsE8rewZihC72TXmvsLerG4hxdA/JX50RAQPACzHhoy/fEgCx0xl97dPbZITmVO7euxVKt95RkAMUQC755tPkTPpIUoHgbLeT4liPb8kCg+/sVr6LAIAC7VoR8Ponk/85j04CZF8DYzIHI+AufhtAw+K4x7+PBIkAE6RgBdUypwDGQAP2wwmJjHC9xB2tATBs30YqtsGIPKMWjgjDFv+GuIUwRAIWpiAJNLaxjFsc4olPvMUytvETC7YwYBmMoUOo4YhICLGIkXAENbxXED6Y0QMs4MNmRKBGhFThfTTDXhqQxiSf8cQUkfABDYYwhA50YAg/CCQNaBAEYYQhFR6BhhN/EYJGOjIEMIgkDH7hC218pA1+uMIUNsnJrnzFgx6MgyhjEQtGFOQaULliBrKoQ4PUIgxBCCQgfzDIWhpyFghRFx9iYIED8AEC/8AAHyZwEGN4sD6ACqEKGqcBAu6EGlvYYwcYYIAiPOGaRfgjLWnwAz4KA5EZ2cYhYBACEvDgBjewhTp5QAISNDKSjUTGKTKSiSvQ8AT4PAEOEMb/TynZpy9oQoECFiAJO/4DlURQJSsbUgsb/MCPDCiCRLVZy4cOgQzt48MF/jGBHKQhABAY5kHyQsM/IUuEMqifxW5iijBIs5qaSMQniKGBRSRCE0/QpiwZ0AFNGDQi0BhnCHighGywIhhqENAngsEKW7TzkeX0hfIgYszjZEc7htlnCTTnp+SEbAF0IOZKEapKELxQiwYxRTSHINFLkCERNiUDL3I6yz4y4BLgLCMw28WHBhCADxo4yButx4Fj3StndezhS2Dhgx9QoQheIMMB2oCIR/DqDJi9QCCy+Ue7MoAK4qDIMoYBAxLcIBuvyNMkhjSAW50BAqxg5yPbeYx5/0ZkDlWwKgL+IAlGMCIOfyhMC/JpHwlAgg5ZSO6VJjQB+AyHrLxZZQSWphDGOrYIX0gEIig7JE6coRmX4Gkfp8mAJxDDIHzIQTAJALh/DMwgDvCgcaq0gS7ciX06iUQQaEAFA3zhE23olf629KIZeaIIPIUoAyK6CIncgguldQIt1EAAAbOnwDN6hVPdWU5z2kINECGRfXb7BnURYBbEKwYkCGMCvlRKEi1qbf40ADb7oSKV0TUrdRHiiP32NxCPQATHLkwjUQQiweQ1wBPyOpCV/iMTBDDIDOuTgEu9am0EcPJM8hiE/n5hRQOmEYExfOAFK9gABmgwGQ/y4AiTgv9XYU4Uo7qUgw2305znBHFD6HOCP9FhQu4acAEu8AfsXLVedADWocZVADT67MYJzfF00SoQR/igywYA8gHijGFZ8QLJ1DTAJWImETOs4ICAQtYYSLgYnHCZCl6AQqO5FDEaB8hXHYOAJxbM61Ab4BMOaTMJpAAKGtPaVrf+1SvYeWcenDMbelYIfXDQgt1qw8IVmHMKCg2YeilgbrRqT54KB2k8SHrHBWGsHrEboGPTWAP6AxYV/DhNAzzgARjV8kKmcOq9pXoDc0vsTRxhg3U/YAZvMFStaswuFBIgS+zRRK8XjOYlN+0fFzfIg7kQAicsoRkJDzfDHT6BIXWMFXf/buc5lUALZ0pZc3F8WYHJ9e5496AGVy3WsRZQBgzYKmwiKve50WqKggfhCQf/lsjNxS4Bk4GP9b63Fw4wVYZU4dTH+XfAGWiThtrg6A9gA8MakAKeOVc+QdsYIMLbazQ/IBA8RMgyuADhGywBFIAQEwTcM7HhVMwCQoPAMVK+cimwour/6ODmFgAHpTN6Rc01eQEkcdVKHavxBwD6nlAhhEhjcNJODkPBqRD2vD8sYvoSTsU0doAKvPQBLoh9HdqA+IRcvQTHOVa3lsR1mmBiC6P3ggvqEIMdPGxp7evUBDjRjIm7/QGJqBhChgHhYTMhesaHAPJHp3wPJCLl5lSC/xOkEIyqZ+3b4kM9xRygMY5l4Uw6V0AxZkGB6XFeN0NfKSxsYAMaPMEFaSAK2XcqqlcQb0IDHVAE9xZ7LgAFJdQQuENthWVlYHBWrcQSBPd1SAcFObM2vZcQDiAAnPBpZ2ZvX/AIpEYQGxcCdscEHThpKZhLIogMjaRyNzB+Lac8bXBqoOEqlcM920cQQXIKosABqhF/y1J/B3F/u/F56CYQwOcDsOYCYiAuT2gQ4jAE1AR7DCgItRODC2EcfSYB9WIz+EUTagV8NFAELsAGXWM5ivUPnpII9FZv9vYAzZBlewIN1BdhSyAIZQA6XxiHExIMjmRONygFSBABeohxAf/Ab9ZTM8sEhwfxJopwhPWCBmdYEEyYfwSxfxr4AFAAAshjNQjxDJFAA1sYe1AgCFWoUg9RH8VVhluziTJBcFvQZcLnhikFNhdIEL00bxD1fEDWiBhnDXQHAzyABEwAiPQzAFn2EBB0DDVoWuOHBG8Wjf8AAPKlO9mDZToUJG6wGjvibXqQJwBgEJ2IQTHwhJHAf2soioEIegfRUgjIALAHBWyQBmkziTn0EIpQGMlhWHAAgzUxRKHoAs74O3EoEBLydOO1hQ/gBb5xMgNBfRx3A8w4RwTTkNtIAL5wiESliEuAAQTEAivwQclEOzDTQBVzBnwxkAqTL2KDBZ3XhEj/AgL0KBDPwH9SyIYcyGrYAgtb8FAdYIJ1ECb9qAK9SGkIEZDc4W1oMEC1txKpYANqqIAKqQem4pQJAQDEIEtRB3ueoC/p+A/UkIwkoARLwAQc+Y8QMQdqIJLihwRLkFrRqAv9ZlIARzcuV4kEsBd8UYaw0pIFYZP454Ta+A+14ANf11/y6Jd+Z2l2ZQBeoAmLMCTFdzQ54yEPuBCxsBpGmADMoQB+M4gzgYs/CXuC0AOwGJcCEEvdJJEuEAhnQEDIWH0e55bgGBEAMAm/QE7ldIN2WQe3mY6Q6G+qZoEMIQ1x0AItwAFVpmrat5gCgZg4iUU7+Q+L4JhHZ28ceFYC/2GPduhWTcICHdMwxuchfFeVBhEHoika3rYwpigToveY9qaQqvAyP8UQADAHmjBIfXSHbTg4SngIEOaHvMmfHtlkviCc1miXeNckuXAwuMcByVSLXkkQjIBPfGmGWoSdnigQ76iB4FkGF8ACbaAGRVlvRYCZiCBk8YYo4tZc7mkQ48gd8acAY2Cga6YSFgB8Jsqa+zlZDToQiTBID0WgUECPq5CgPLCbVWOREvGgNUicd6dSFhqdqTYytpgQb+AnydSXqDkQIqqYw3Gf/mdvXsCVcsVroiZZlOUrMAIBFwAxjSYCfXek/2AGC0KGpUkI1cmnIAEA/DekbVikVBoRxP8QBPvFVgsIBQ2AX09KTlEqoYpKEWoATxG6BEswqcxSCvjEpbqnB1+KELqAA8rZOXlQptd5k9GlAtO1mKKnR0/ApoLwBUVwCbygCTDaBiyQPwXwIrXSaD1TgBMxCaFhhJZ3KWUAjb9oEhZwqGsKe2yQqRNxCpe2RwqYjzKAAZPVDasAT5d6d9gqEdoQnI1Uri4IrtJgBtAZGqR5Kd5SnwqxCWKaLCLUkQRxpi4ErQMRBj5gq3c4MNQFADJKZLVCYzYarQxxicyqc8dSmDcaEZm0FVeQsRqrsVyxSa4hEATgmATrreBasQdBAUb3A93agDnAnxYwrpbqBJhaNyYLX8H/GbNt2a5UJwAxKZ/HQgg+yhCpGkfJYl/c85f+qp3oJrAj+3bqt3z5oygQUAHtkXkUQ6gHkaM7AqjH0gQClxEkMiXQqU9bxYMSSIaB8gggK7IIeIccSLM/qhBBemkqG6m9SAEvS65KYJdL0LL2ChEAALNDJQU5e7fScImpwbUKoAdNolilQG01kz3MxCx7krSr1I7GyLRte29sIAqDoyubpii2kno1+xC6AH8SqwCG0LgYIWIthhwmMFwlAErGYQJoCwdRBi0pe5QLKAZwSxFbMLB1y4o5AIM3O5wkqQK/KxGZME4424zgWAqVh4QU9otuEJ3Yozgz0JVnaaaw6oQC/9C9+rVfvDuR3+ofvXIrHiACmmdCLYC69QK0G8oQxrACRsgBNZC/NQAJfxALp/Y+EggomTIhemKojrqkCxgIWKKEE8G0w5uoFogMnIqldfC1vum8LGiX0AuDFsBt3cYchkB/G+QAe1Mzg6A2DHqY3/uvi7kIB3yUd1jBEsMue6pvGzGOiWt5xxLC/ekQmVAKjFAKb4BZZwBvtuIG+yQl0ukqXdAiEjQHLsVNMHxvXzCoFOHAWqmQPSCeVoq8EmrFE4HBGskECwqtACC9gmEdKOC1YFgQVQBCg7A4ZuWqr5qYATSr3VsLSjqWVQw2eBsfDosRB8CsOWcszVEA1lkRz/8ggjMKAc85JbZrWFtjdnOwCGIpkV4AqoFcEALbZVnsMtdiDXRJkg3ANhMxB867ljn7ih5Qf0EiCWqsxjXwBrmQEFeQe/fSO8sExv26wkq7mAQgm3Z4b2U5vyYUB9NbLPWSBSJsEZ7SLh2jaBfwnP/0b11weu8BAKnQTZUZw8dJqMGLaaxIiimqJ6cwynbpCcc5EQCQyoRLxuRMdZwhJHRgGsyxAChQA6YEX7llUmMQA6pDld5jubIKrfIRAJoAdRRngt+cEgAwAABVyIZcUJtsgCEIcYxSAG7goRhqZV1gfPg1B8JAb6FGxW9gpMxbcP7HhQtppJlAgx12A3VJCif/bQF8GriWyoxMkF47IHAhqAaGsHP3jM860BqbMAmT4Aef0WeAIgkF8DeCaJgGQdB4fNCL8EdJdoeeMAmLahISEgeG5hcf3AQlhrVyCEGg2ysrwgirwqUeLQM7SYcleG/NkM0SQQAqncXao8mcYYgddk4yiwR5QKESIa7kxJZkvNeo+ZsH8AllAAeXcinMkQAf0AI4cGowZwLcogfiMCbI4wGJ7L12HDA6Zp0CIIxwytAMjBIAcACQENbdphyQIAI27J8ag0IUkNsWMDMdnTgPw7r/gAhU0HZ3aJvG7EqXNoVtGDim/A+TMHg2WJeswA3HXRBzF2FkLAjMHb5oBz4Q/5AHdwAHaBDZKCABLTC7AKzZCkAHcgAuSgKuXknVANtkZMBTqW1vgbBdZk0RQSIKlBLbyvEHoe0QsDFVpnah1syviZcIzsemEfCXDaFfKx172mO4DhkMzVZ4iwjhDIGMLLjK8bzacigAagAvVgACdzAGKk4HkhAHKbktC4AGhYLNAy7a2ZkBpb1SckBe920A+aYSEGQIggEY3YYCzOwRB551Hr0kB1AwH/lp9/0AvKAvDYqyuhh7fLA9ZRokyIBnhWd4R92gAEBa1ueWk0jHATAh4ZMHUN2ZDaBVSt4EjnJ8dq0QlquTT+gAAFDfDY5mP87a4JMFQ07kf4ECAt4RSf/e2/XVqvXZKZ+AYAvtdp5Ae3FbED0Wj8u9y+jm6LbgbM4m0+OnXaXr4Yit3ZqOVmnOyCaOMw1gCMPVZ1WCBp0ZtAtx59spEA7AAmzX5xilEs7wCAXwB5NC6IABCdzAEYlOi4y+qBPyCmj27M9eBJ8gfQ1BDbYqfKN45vaa6omATt4O6tmgATW7DaQ1xmzAOAoOXxAUuuJjCLHLF/P6bSRzLQ3hryOADjlugASwCJA+cbwmDLg0NrDwDBZxBLgwAcoACcNO7NjhBrWcEcm+5BWw7b9RB9AO7XiVcQohDQ71BNjej03ZvQ5JAJvwCt/+7bRwAHNQ6QJBWsvIBOc+Qq//mRDqMgG7MgAHcL3/xLVNYKofaOei8hZyoSH5XhAQRAYX7+9P0OtA4wjCoGYFTwFysA7CniYIcPX/XdTHjhGqsjcSYFiLbsEB8NMWf/FodgnntRBF9wMe34Zdo+1dLRAQdAavoAR2f/d2n/IMEVSDywSgoMuTG/cI4Sm6fQb+lBxXn8+VIBxxiAVGMvQaQg7w7TRBwgllD+3+TgVkQAxT9QywEAaPBfUXYfAHQAlZcM92gPX/LQFxoLYWYQZTUgNjGvbb3imbVgde8ABmXwRMfxA9NgRIV5ubuTqEre6b9grZMH5OcPfpJFUJsQyrMFR2GYC9Q/w1jhD/2SlxMCUA/9VtCeDwDqEFewAXkD8C6RAOL4MJJzskl5/0vdYBPyAMmoCQQaCF1XReFVPRBwEEFAAQB9aBaaJgwQI7CBQmYChBB4dYugD8o1jR4kWLAIyYqIFAwQaQG7rkqSDCQoCLAAR4AJTjywOYBmTKvESmFgUAAUzVihRkSIciD77keNNjRo4GEDwIyImRIgACLK2QklLViRMlN3gc80Xt5D9o226tCkFCCRJQzQAZnZF06USncS/qamGCg0OGeXXEgiv3H5Y9SV6MGJHBMOERL9KZM/fNQ0YCB9548gLzwcyZDDR30NxZplBx/yyMburX9D8gQHAd+NQKzgKDBxUiyCvhw/+HFnHMEEBpeo6fKjg4Iui1od9xkSRN9rboQMCACpXqvLScmQEVKjR+DNEs84snD28ayJDhVoAD5k6dQ68khhQS+FWz8tiK7NevsjxuSKH1akCB8cqrYIDz0jsNIzc+wEsvhlDIggC/rtnjhcEMs/AwxNKJpq9/AlBJqkAqsywmzDCDyYs6mJpgAgEI+OpAv1IbpRNl+LmDEAVyjG2h2m7j4IRY3KjCjCuKvMKMKYwo4QS7JPBoA282kGeQLsAAYYeSXkxpAvb0qIMNEUks0YAvAklkAhYwSKGHHlIYsMCKDKzIAi6j08M9UOBDQr4b+lTiT1pYCQZNNdl08y05T2v/ww8zSnEjjo5moy2vBFCAZBO5UKkmnHDIScMVUEN1hRxywhEAE/TSWy86FcB8wIURY4UJijo0mOSAAQbwQASmOIQxLiBGmcCdCGQAA0cdd+SxIQlsu+3ZZ5utdIEmCOnijnLG0VbbHjBgQUvI6lxTDxDqCISNL9JNlxdNyFiEBUS4hKABeiPAYCn0DgSATpbGVUGMOkgRmBRaAmUlkU9YZEGD6Oi9oAB8A0gUo0yuqGIFHOq6SwcUDvJ4WR0qrYEbv6DSIAYZQFBZ5R4ePuDlFkujiF87QUiDDShy1jlnNgLxZMACKhC6gAF4lflXuYA4goIDlGGmFTHGGASNZHP0/xgFSWdDYeuOq/3DEFE0YHiXHbTFZxwZYihggnydAsCBqAq4II8dyNNDlUoggJiTR/r+DwMIIhB8wANcnNipTOA+QG66cyjj7hQePoMbFvxmOPDBNSj86LgAuMIIJhVsEOsmSi9dWQZRqIGFziPDYLyjYrciqaEPgLOit5+rAGXHVRbjdzFAkKFNeuuV3Pa2kT4t2AkakWWaVqAeo4upqa66FzuorRaOLAyRJGwRTjnFgwJk2UWGHdLfIYUGIDa8ZAK4lHvcuhuI4IKhARc6cAw0Z9tXGLUhfv+ZVwPqZz/8YUCBGNif3vyHk9MAYAol0FilEECI7hUDEGcYgJpyQP8Q2UyKIQiwFG8wApXFza14DsvcAGwHLorAbQIM410ZZrAyHDquXoS7nfIOBAQAUEAA4igf2VoxAxX8Kx71KAe2QPC4XciiAsrQgDs0oAxATLEC65CFLCKwCzDKQhkFsAQneugXC8QvPBDAXANiMLgGFoBocmAR55TnHBasEXNvhOP+5Fi0/x2uIlfAGJNqQC06AOIU2pjF+NbIOxW8BmupUwAduuGr3OGqAGLjZCc9UDicJAoqE5BMw8aTg7qlsl4YgNjmBOlDjKTmCKOInyUaUYEvMkOXzKhbK6ywA2ZMowHTYBMz8pAHZvAjBRGAACU+oYFGuLATE1jDGnBhR7n/7ItOEwiPHL35RxfaLmYSg2VKCBA/EXTzm5sU2yfhFcoIVqEEODgBJA5Ch6XIgWEKrIACLxCDU+4gCwuYZF4QcJA3cE6bLCJAiwTg0Ic2FJ6dc44ANMnACrCRf388QB0BWM4fKm0UFFhDJw7gAQ0ErQJdFNo6KKHFT1CiANE8QCc6IYBqEoAC13QAAIBATou88h9zAABU0IkmESSVBQy1QKpAms3RsAipS6Wqi3oKIwooaUk1UEATLiACuWEOAvirQAEWeIF/5oEgBVUIbB7k1DgV1UMW2FdR6VrUXy1UAFN92QGUalVsPnV5qZElAGi5BgF0QgQH4AQLOmGJpT60/0UuGsURLGtZwsoSCBQRauc8tC8HUIA0oO2sYOta1NDStamlHeoKSrBVBaChrHxEKwT6186+4oqGIOiIQWHTBFsFVrAWIeppKXDc0X50uMtlbnOd+1wfahUH9txAGea1g3rt7a86Pe4A5VaGGujAIQfNUTG+xVrople962Vve596hRK4tgVNEEmxymMvQBLgbUcrKgHACgFJSIu8G7gDotx7YAQnWMELNsIKVnACrhI4ZS0rACiF+48gPucTdBAdbDYAhgpPdMEjJnGJTXwaXaxASS3wCBqS2IMIaE7EfiGqRS9gAgV5eAxvUu6JffxjIKv3YhgzwQI24OK2hBi9ov8hgBwUcRcPg+Fhpwpyla185eG6wcEQNrKLsYQvHxKVAHGA8kfukIK1XRjLa2bzlTUi30PGFgTtYxtQOasvabjBBBLo8pzTvOQ2B1rQCI7DPPcMGwWoIMa9AqmeIzyI8qR50JOmtI/jcIK6OAk2OyZQjw8UBxM8CQxIkXSlTX3q9qJEz00ir1cNDMs2nIADRh6EytRGZVTnWtfMRYkZOHCb8R4kC3JgCkgZwZGPqOAoF3j1rp39bOV1QxHSGiEJDWFCWPqhBYf8cCq9BUNoh1vcTikFgyQVC2wjzQ8n4PMGxmDfGBAoeeOmN70dYAFDYE1SeYFEKXKBtCm0gM+VLID/Udp3gBnXW+HQpoAIssC1fYu3BW54RDf84oAp4ADKTdCDGgDaMnkDeuEjX/N66OCxEDbkAxxoQZAYQaQjVcEIGVNQx7LgwgLG+Lwk57mzUfgJECALdc6CFrSk1TE4iEIbHhCrknv+dF2rBDoNAMNrht4srBu0a4nca1hjUFaEixzqY/cxzWJghTuMAQ6lW5YFEVCDGnxNFPm8XOaMJnay553EZreC4/51BzDQQfCG8F4xRNE/D/ynAGLF31ISrnfIs3k9jNtBDmYgO+LR9p+CQ+vXiWY7vEZe9IJWifwCN55U2q089VpmBIY2ADo+fvSzt7JR0US+xac1BbunbVlzUwUz/eKd9sM/cH/jx83E50r5ufqkX2PmaeJHP8j7Om53J3DOyeo0uXGSfvfbnJOiQt/74yd/+c3vF5T0Jv3nZ//s199++Mdf/rR///vnf3/8HyggADs=" alt="Google Logo 2006" />
'
`;

snapshot[`should use a fallback image if downloading the image failed 1`] = `
'# Testing

![](data:image/png;base64,iVBORw0KGgoAAAANSUhEUgAAADAAAAAwCAYAAABXAvmHAAAACXBIWXMAAAsTAAALEwEAmpwYAAADN0lEQVR4nO2Y3U9SYRzH+T/qstq6sYv+gmKkKaAmaLalazJNjdNoikAo0PSyteWFF3mRlk0Kp64ZDGsElq/LeLtpxYbrwoZ4lq04cG5+7XnwIfDEi43ToTy/7bs9nPNs5/N5Xsb2k0jEEkssscQqdzVq9cebKNMzldb0TUWZQNBoMcPMJcp8snR4rXFXcHAqN4hJrTMdKyqAV54ygW10HCLRLaBpWtBEoltgHX1AROxFBcixqQR4OksC7wJl+lpcYH/LhIamD4RwHV2B0y8SfzW0KED/Zzug8CVA4WPgvIeBKtfvP4qeo/dortzHgLTAXJTrKwH4EhuG7Z1h6FwJ8itQv8RkQuCQkNzLwDkPA2fdaejseWRulZMLf8aVgFh8GGBPjxOLj+TM41XgsKnzpkUOysazBHbiI+kF8aV3sKIE8sXmD2IJBI/G2e94FVB6PoNsSgOyJxo85kOO5k3Al4AL9j6QPqzGaXDcAksoCcYAC+1ryRyIlmUGdO9TMBRiYSiUAt1mCprfCiRgCLBgCbPQ7p7OwJNoXk2DLcyCNcxiyMFQCsxBBM3i59lBIh3rSRjwp8X0gRS0rf4Sb1tl8LuyC6CP6zc+gWxSwRGQTcqhf/0DB/YwsYRZvEjkd9kFLMEfoLR3ceBJFHYNDIW+c8Bu+7dBvdALqoUbeFyqEF1ugTbnWF54knbnWC5IKAVXXGaQzzbgtLqMYA0nhRGQTtQUFUBzdMsbGYjuJUcGnqT7jYN7LwIx6PXYoMdzB4/5ESgGv5/aqVYY9O+CYTMCynk1R0A5p4aBdx9zdknrvQediz04Wu9dvEuCCaA0z1tBvXCTA0+C7oNl/770r7ky8CR9ay5hBVBqniryCqBoXo+D2R+FrpcURwA9E1wA3Ye6mfr8EnON0LE4wIEnEV4A/T88vlhwF+rnmkDj7q5cAXyUpuUFJVTPL1e2gHSiGmodyoISV53XKlgAHaVHNSCfzX8flOg+uLv4FRA6qiMj0EQZ9/711uIMmowaqpUgEYlugeV+urmLGs9FBVp6DadUlCnOd7v8z9rrhhOSUgr14VErmxwnQcEp4x5a+ZLhxRJLLLHEkhyifgJu5rlgZTGQ8gAAAABJRU5ErkJggg==)

<img src="data:image/png;base64,iVBORw0KGgoAAAANSUhEUgAAADAAAAAwCAYAAABXAvmHAAAACXBIWXMAAAsTAAALEwEAmpwYAAADN0lEQVR4nO2Y3U9SYRzH+T/qstq6sYv+gmKkKaAmaLalazJNjdNoikAo0PSyteWFF3mRlk0Kp64ZDGsElq/LeLtpxYbrwoZ4lq04cG5+7XnwIfDEi43ToTy/7bs9nPNs5/N5Xsb2k0jEEkssscQqdzVq9cebKNMzldb0TUWZQNBoMcPMJcp8snR4rXFXcHAqN4hJrTMdKyqAV54ygW10HCLRLaBpWtBEoltgHX1AROxFBcixqQR4OksC7wJl+lpcYH/LhIamD4RwHV2B0y8SfzW0KED/Zzug8CVA4WPgvIeBKtfvP4qeo/dortzHgLTAXJTrKwH4EhuG7Z1h6FwJ8itQv8RkQuCQkNzLwDkPA2fdaejseWRulZMLf8aVgFh8GGBPjxOLj+TM41XgsKnzpkUOysazBHbiI+kF8aV3sKIE8sXmD2IJBI/G2e94FVB6PoNsSgOyJxo85kOO5k3Al4AL9j6QPqzGaXDcAksoCcYAC+1ryRyIlmUGdO9TMBRiYSiUAt1mCprfCiRgCLBgCbPQ7p7OwJNoXk2DLcyCNcxiyMFQCsxBBM3i59lBIh3rSRjwp8X0gRS0rf4Sb1tl8LuyC6CP6zc+gWxSwRGQTcqhf/0DB/YwsYRZvEjkd9kFLMEfoLR3ceBJFHYNDIW+c8Bu+7dBvdALqoUbeFyqEF1ugTbnWF54knbnWC5IKAVXXGaQzzbgtLqMYA0nhRGQTtQUFUBzdMsbGYjuJUcGnqT7jYN7LwIx6PXYoMdzB4/5ESgGv5/aqVYY9O+CYTMCynk1R0A5p4aBdx9zdknrvQediz04Wu9dvEuCCaA0z1tBvXCTA0+C7oNl/770r7ky8CR9ay5hBVBqniryCqBoXo+D2R+FrpcURwA9E1wA3Ye6mfr8EnON0LE4wIEnEV4A/T88vlhwF+rnmkDj7q5cAXyUpuUFJVTPL1e2gHSiGmodyoISV53XKlgAHaVHNSCfzX8flOg+uLv4FRA6qiMj0EQZ9/711uIMmowaqpUgEYlugeV+urmLGs9FBVp6DadUlCnOd7v8z9rrhhOSUgr14VErmxwnQcEp4x5a+ZLhxRJLLLHEkhyifgJu5rlgZTGQ8gAAAABJRU5ErkJggg==" />
'
`;
